2026-02-13T09:27:17.203Z info: Code: 200 | Message: Tout les jeux ont été récupérés
2026-02-13T10:40:10.504Z info: Code: 200 | Message: Tout les jeux ont été récupérés
2026-02-13T10:42:12.564Z info: Code: 200 | Message: Tout les articles on été récupérer
2026-02-13T10:42:27.569Z info: Code: 200 | Message: Tout les articles on été récupérer
2026-02-13T11:01:34.096Z info: Code: 200 | Message: Tout les articles on été récupérer
2026-02-13T11:02:26.753Z info: Code: 200 | Message: Tout les articles on été récupérer
2026-02-13T11:57:16.688Z info: Code: 200 | Message: Articles récupérés avec succès !
2026-02-13T11:59:07.824Z info: Code: 200 | Message: Articles récupérés avec succès !
2026-02-13T12:02:56.301Z info: Code: 200 | Message: Articles récupérés avec succès !
2026-02-13T12:05:51.393Z info: Code: 200 | Message: Article créé avec succès
2026-02-13T12:08:26.883Z info: Code: 200 | Message: Article créé avec succès
2026-02-13T12:09:55.674Z info: Code: 200 | Message: Article créé avec succès
2026-02-13T12:13:40.496Z info: Code: 200 | Message: Article créé avec succès
2026-02-13T12:18:29.184Z info: Code: 200 | Message: Articles récupérés avec succès !
2026-02-13T12:18:33.182Z info: Code: 200 | Message: Articles récupérés avec succès !
2026-02-13T12:18:38.897Z info: Code: 200 | Message: Articles récupérés avec succès !
2026-02-13T12:24:37.783Z info: Code: 200 | Message: Articles récupérés avec succès !
2026-02-13T12:25:33.138Z info: Code: 200 | Message: Articles récupérés avec succès !
2026-02-13T12:25:36.797Z info: Code: 200 | Message: Articles récupérés avec succès !
2026-02-13T12:25:48.007Z info: Code: 200 | Message: Articles récupérés avec succès !
2026-02-13T12:38:03.579Z info: Code: 200 | Message: Articles récupérés avec succès !
2026-02-13T12:38:07.519Z info: Code: 200 | Message: Articles récupérés avec succès !
2026-02-13T12:38:11.835Z info: Code: 200 | Message: Articles récupérés avec succès !
2026-02-13T12:38:54.298Z info: Code: 200 | Message: Articles récupérés avec succès !
2026-02-13T12:39:04.300Z info: Code: 200 | Message: Articles récupérés avec succès !
2026-02-13T12:40:50.708Z info: Code: 200 | Message: Articles récupérés avec succès !
2026-02-13T17:17:46.076Z info: Code: 200 | Message: Article créé avec succès
2026-02-13T17:18:28.881Z info: Code: 200 | Message: Article créé avec succès
2026-02-13T17:18:44.796Z info: Code: 200 | Message: Article créé avec succès
2026-02-13T17:19:44.548Z info: Code: 200 | Message: Article créé avec succès
2026-02-13T17:19:52.570Z info: Code: 200 | Message: Article créé avec succès
2026-02-13T17:20:02.371Z info: Code: 200 | Message: Article créé avec succès
2026-02-13T17:20:54.482Z info: Code: 200 | Message: Articles récupérés avec succès !
2026-02-13T17:20:57.526Z info: Code: 200 | Message: Articles récupérés avec succès !
2026-02-13T17:38:09.567Z info: Code: 404 | Message: Désolé, cet article n'existe pas !
2026-02-13T17:40:08.458Z info: Code: 201 | Message: Article créé avec succès
2026-02-13T17:41:18.444Z info: Code: 201 | Message: Article créé avec succès
2026-02-13T17:41:29.886Z info: Code: 201 | Message: Article créé avec succès
2026-02-13T17:41:58.723Z info: Code: 201 | Message: Article créé avec succès
2026-02-13T17:42:14.029Z info: Code: 201 | Message: Article créé avec succès
2026-02-13T17:42:25.872Z info: Code: 201 | Message: Article créé avec succès
2026-02-13T17:49:15.060Z info: Code: 201 | Message: Article créé avec succès
2026-02-13T17:49:57.701Z info: Code: 201 | Message: Article créé avec succès
2026-02-13T17:50:08.983Z info: Code: 201 | Message: Article créé avec succès
2026-02-13T17:50:21.453Z info: Code: 404 | Message: Désolé, cet article n'existe pas !
2026-02-13T17:52:17.503Z info: Code: 404 | Message: Désolé, cet article n'existe pas !
2026-02-13T17:52:59.636Z info: Code: 200 | Message: Articles récupérés avec succès !
2026-02-13T17:53:56.040Z info: Code: 404 | Message: Désolé, cet article n'existe pas !
2026-02-13T17:54:36.799Z info: Code: 200 | Message: Articles récupérés avec succès !
2026-02-13T17:55:46.967Z info: Code: 200 | Message: Articles récupérés avec succès !
2026-02-13T17:56:10.965Z info: Code: 404 | Message: Désolé, cet article n'existe pas !
2026-02-13T17:57:31.286Z info: Code: 200 | Message: Articles récupérés avec succès !
2026-02-13T17:57:37.272Z info: Code: 404 | Message: Désolé, cet article n'existe pas !
2026-02-13T18:01:14.222Z info: Code: 201 | Message: Article créé avec succès
2026-02-13T18:01:25.223Z info: Code: 200 | Message: Articles récupérés avec succès !
2026-02-13T18:01:32.179Z info: Code: 404 | Message: Désolé, cet article n'existe pas !
2026-02-13T18:01:39.180Z info: Code: 200 | Message: Articles récupérés avec succès !
2026-02-13T18:01:47.000Z info: Code: 404 | Message: Désolé, cet article n'existe pas !
2026-02-13T18:03:52.413Z info: Code: 201 | Message: Article créé avec succès
2026-02-13T18:06:03.656Z info: Code: 201 | Message: Article créé avec succès
2026-02-13T18:06:18.137Z info: Code: 200 | Message: Articles récupérés avec succès !
2026-02-13T18:06:28.123Z info: Code: 404 | Message: Désolé, cet article n'existe pas !
2026-02-13T18:06:33.987Z info: Code: 200 | Message: Articles récupérés avec succès !
2026-02-13T18:06:45.600Z info: Code: 404 | Message: Désolé, cet article n'existe pas !
2026-02-13T18:08:19.371Z info: Code: 201 | Message: Article créé avec succès
2026-02-13T18:08:24.674Z info: Code: 200 | Message: Articles récupérés avec succès !
2026-02-13T18:09:17.327Z info: Code: 200 | Message: Articles récupérés avec succès !
2026-02-13T18:09:38.049Z info: Code: 200 | Message: Articles récupérés avec succès !
2026-02-13T18:11:24.574Z info: Code: 201 | Message: Article créé avec succès
2026-02-13T18:11:41.225Z info: Code: 200 | Message: Articles récupérés avec succès !
2026-02-13T18:11:47.333Z info: Code: 404 | Message: Désolé, cet article n'existe pas !
2026-02-13T18:15:33.292Z info: Code: 201 | Message: Article créé avec succès
2026-02-13T18:15:36.795Z info: Code: 200 | Message: Articles récupérés avec succès !
2026-02-13T19:04:18.609Z info: Code: 200 | Message: Article trouvé !
2026-02-13T19:06:06.709Z info: Code: 404 | Message: Désolé, cet article n'existe pas !
2026-02-13T19:06:11.677Z info: Code: 200 | Message: Articles récupérés avec succès !
2026-02-13T19:06:21.424Z info: Code: 404 | Message: Désolé, cet article n'existe pas !
2026-02-13T19:06:27.340Z info: Code: 200 | Message: Articles récupérés avec succès !
2026-02-13T19:06:36.755Z info: Code: 404 | Message: Désolé, cet article n'existe pas !
2026-02-13T19:11:11.693Z info: Code: 201 | Message: Article créé avec succès
2026-02-13T19:11:18.951Z info: Code: 200 | Message: Articles récupérés avec succès !
2026-02-13T19:11:40.396Z info: Code: 200 | Message: Article trouvé !
2026-02-13T19:12:43.550Z info: Code: 200 | Message: Articles récupérés avec succès !
2026-02-13T19:12:56.950Z info: Code: 201 | Message: Article créé avec succès
2026-02-13T19:13:11.639Z info: Code: 201 | Message: Article créé avec succès
2026-02-13T19:13:14.573Z info: Code: 200 | Message: Articles récupérés avec succès !
2026-02-13T19:13:16.353Z info: Code: 200 | Message: Articles récupérés avec succès !
2026-02-13T19:14:14.112Z info: Code: 404 | Message: Article introuvable
2026-02-13T19:14:41.667Z info: Code: 404 | Message: Article introuvable
2026-02-13T19:15:55.028Z info: Code: 200 | Message: Article supprimé avec succès !
2026-02-13T19:17:51.810Z info: Code: 404 | Message: Article introuvable
2026-02-13T19:18:10.400Z info: Code: 201 | Message: Article créé avec succès
2026-02-13T19:18:21.644Z info: Code: 200 | Message: Articles récupérés avec succès !
2026-02-13T19:18:31.614Z info: Code: 200 | Message: Article trouvé !
2026-02-13T19:22:17.776Z info: Code: 200 | Message: Article mis à jour !
2026-02-13T19:34:08.982Z info: Code: 200 | Message: Articles récupérés avec succès !
